21:55:54 **** Incremental Build of configuration Debug for project Maplog ****
make all 
Building file: ../src/helloworld.c
Invoking: ARM v8 gcc compiler
aarch64-none-elf-gcc -Wall -O0 -g3 -c -fmessage-length=0 -MT"src/helloworld.o" -I/home/arthur/mapalogistico/sw/design_1_wrapper/export/design_1_wrapper/sw/design_1_wrapper/standalone_psu_cortexa53_0/bspinclude/include -MMD -MP -MF"src/helloworld.d" -MT"src/helloworld.o" -o "src/helloworld.o" "../src/helloworld.c"
../src/helloworld.c: In function 'main':
../src/helloworld.c:110:30: warning: cast from pointer to integer of different size [-Wpointer-to-int-cast]
  110 |         Xil_DCacheFlushRange((u32)image_tx, IMAGE_SIZE);
      |                              ^
../src/helloworld.c:111:30: warning: cast from pointer to integer of different size [-Wpointer-to-int-cast]
  111 |         Xil_DCacheFlushRange((u32)hash_rx, IMAGE_SIZE);
      |                              ^
../src/helloworld.c:114:48: warning: cast from pointer to integer of different size [-Wpointer-to-int-cast]
  114 |         stat = XAxiDma_SimpleTransfer(&axiDMA, (u32) image_tx, IMAGE_SIZE, XAXIDMA_DMA_TO_DEVICE);
      |                                                ^
../src/helloworld.c:119:48: warning: cast from pointer to integer of different size [-Wpointer-to-int-cast]
  119 |         stat = XAxiDma_SimpleTransfer(&axiDMA, (u32) hash_rx, HASH_SIZE, XAXIDMA_DEVICE_TO_DMA);
      |                                                ^
../src/helloworld.c:125:35: warning: cast from pointer to integer of different size [-Wpointer-to-int-cast]
  125 |         Xil_DCacheInvalidateRange((u32)hash_rx, HASH_SIZE);
      |                                   ^
Finished building: ../src/helloworld.c
 
Building file: ../src/platform.c
Invoking: ARM v8 gcc compiler
aarch64-none-elf-gcc -Wall -O0 -g3 -c -fmessage-length=0 -MT"src/platform.o" -I/home/arthur/mapalogistico/sw/design_1_wrapper/export/design_1_wrapper/sw/design_1_wrapper/standalone_psu_cortexa53_0/bspinclude/include -MMD -MP -MF"src/platform.d" -MT"src/platform.o" -o "src/platform.o" "../src/platform.c"
Finished building: ../src/platform.c
 
Building target: Maplog.elf
Invoking: ARM v8 gcc linker
aarch64-none-elf-gcc -Wl,-T -Wl,../src/lscript.ld -L/home/arthur/mapalogistico/sw/design_1_wrapper/export/design_1_wrapper/sw/design_1_wrapper/standalone_psu_cortexa53_0/bsplib/lib -o "Maplog.elf"  ./src/helloworld.o ./src/platform.o   -Wl,--start-group,-lxil,-lgcc,-lc,--end-group
Finished building target: Maplog.elf
 
Invoking: ARM v8 Print Size
aarch64-none-elf-size Maplog.elf  |tee "Maplog.elf.size"
   text	   data	    bss	    dec	    hex	filename
  99940	 266928	  23772	 390640	  5f5f0	Maplog.elf
Finished building: Maplog.elf.size
 

21:55:55 Build Finished (took 1s.71ms)

